PreProDataSet{
dataSet=[1,806.00,  0.00,  0.00,  44,662.00,  0.00,  0.00,  30.00,  0.00,  0.00,  42.00,  0.00,  0.00]
variableNames=[mul]
variableShapes=[4, 3]}