PreProDataSet{
dataSet=[-1.00,  0.00,  0.00,  -44,661.00,  0.00,  0.00,  -1.00,  0.00,  0.00,  -1.00,  0.00,  0.00]
variableNames=[sub]
variableShapes=[4, 3]}