PreProDataSet{
dataSet=[0.98,   NaN,   NaN,  0.00,   NaN,   NaN,  0.83,   NaN,   NaN,  0.86,   NaN,   NaN]
variableNames=[div]
variableShapes=[4, 3]}