PreProDataSet{
dataSet=[0.00,  0.00,  0.00,  0.00,  0.00,  0.00,  0.00,  0.00,  0.00,  0.00,  0.00,  0.00]
variableNames=[result]
variableShapes=[4, 3]}