PreProDataSet{
dataSet=[85.00,  0.00,  0.00,  44,663.00,  0.00,  0.00,  11.00,  0.00,  0.00,  13.00,  0.00,  0.00]
variableNames=[result]
variableShapes=[4, 3]}