PreProDataSet{
dataSet=[42.00,  0.00,  0.00,  0.00,  0.00,  1.00,  0.00,  1.00,  0.00,  1.00,  0.00,  0.00]
[42.00,  0.00,  1.00,  0.00,  1.00,  1.00,  1.00,  1.00,  0.00,  1.00,  0.00,  1.00]
variableNames=[p1, p3]
variableShapes=[4, 3]
[4, 3]}