DefaultPreProDataSet{
dataSetEntries=
[],
dataSet=
null

constants={test=42.53}

calculated_variables=
test=42.53
}