DefaultPreProDataSet{
dataSetEntries=
[DataSetEntry{variableName='mul', variableShape=[4, 3], startColumn=0, length=3}],
dataSet=
[[1,806.00,  0.00,  0.00],  
 [44,662.00,  0.00,  0.00],  
 [30.00,  0.00,  0.00],  
 [42.00,  0.00,  0.00]]

constants={}

calculated_variables=
mul=[[1,806.00,  0.00,  0.00],  
 [44,662.00,  0.00,  0.00],  
 [30.00,  0.00,  0.00],  
 [42.00,  0.00,  0.00]]
}