DefaultPreProDataSet{
dataSetEntries=
[DataSetEntry{variableName='sub', variableShape=[4, 3], startColumn=0, length=3}],
dataSet=
[[-1.00,  0.00,  0.00],  
 [-44,661.00,  0.00,  0.00],  
 [-1.00,  0.00,  0.00],  
 [-1.00,  0.00,  0.00]]

constants={}

calculated_variables=
sub=[[-1.00,  0.00,  0.00],  
 [-44,661.00,  0.00,  0.00],  
 [-1.00,  0.00,  0.00],  
 [-1.00,  0.00,  0.00]]
}