DefaultPreProDataSet{
dataSetEntries=
[DataSetEntry{variableName='x', variableShape=[4, 3], startColumn=0, length=3}, DataSetEntry{variableName='y', variableShape=[4, 3], startColumn=3, length=3}, DataSetEntry{variableName='z', variableShape=[4, 3], startColumn=6, length=3}],
dataSet=
[[1.00,  0.00,  0.00,  0.00,  1.00,  0.00,  0.00,  0.00,  -1.00],  
 [44,661.00,  0.00,  0.00,  0.00,  44,661.00,  0.00,  0.00,  0.00,  -1,994,604,928.00],  
 [1.00,  0.00,  0.00,  0.00,  1.00,  0.00,  0.00,  0.00,  -1.00],  
 [1.00,  0.00,  0.00,  0.00,  1.00,  0.00,  0.00,  0.00,  -1.00]]

constants={}

calculated_variables=
x=[[1.00,  0.00,  0.00],  
 [44,661.00,  0.00,  0.00],  
 [1.00,  0.00,  0.00],  
 [1.00,  0.00,  0.00]]
y=[[0.00,  1.00,  0.00],  
 [0.00,  44,661.00,  0.00],  
 [0.00,  1.00,  0.00],  
 [0.00,  1.00,  0.00]]
z=[[0.00,  0.00,  -1.00],  
 [0.00,  0.00,  -1,994,604,928.00],  
 [0.00,  0.00,  -1.00],  
 [0.00,  0.00,  -1.00]]
}