DefaultPreProDataSet{
dataSetEntries=
[DataSetEntry{variableName='result', variableShape=[4, 1], startColumn=0, length=1}],
dataSet=
[1.00,  8.00,  27.00,  64.00]

constants={}

calculated_variables=
result=[1.00,  8.00,  27.00,  64.00]
}