DefaultPreProDataSet{
dataSetEntries=
[DataSetEntry{variableName='p1', variableShape=[4, 3], startColumn=0, length=3}, DataSetEntry{variableName='res', variableShape=[4, 3], startColumn=3, length=3}],
dataSet=
[[42.00,  0.00,  0.00,  1,764.00,  0.00,  0.00],  
 [1.00,  0.00,  0.00,  1.00,  0.00,  0.00],  
 [5.00,  0.00,  0.00,  25.00,  0.00,  0.00],  
 [6.00,  0.00,  0.00,  36.00,  0.00,  0.00]]

constants={}

calculated_variables=
p1=[[42.00,  0.00,  0.00],  
 [1.00,  0.00,  0.00],  
 [5.00,  0.00,  0.00],  
 [6.00,  0.00,  0.00]]
res=[[1,764.00,  0.00,  0.00],  
 [1.00,  0.00,  0.00],  
 [25.00,  0.00,  0.00],  
 [36.00,  0.00,  0.00]]
}