DefaultPreProDataSet{
dataSetEntries=
[],
dataSet=
null

constants={}

calculated_variables=
}