PreProDataSet{
dataSet=[1.00,  0.00,  0.00,  44,661.00,  0.00,  0.00,  1.00,  0.00,  0.00,  1.00,  0.00,  0.00]
[0.00,  1.00,  0.00,  0.00,  44,661.00,  0.00,  0.00,  1.00,  0.00,  0.00,  1.00,  0.00]
[0.00,  0.00,  -1.00,  0.00,  0.00,  -1,994,604,928.00,  0.00,  0.00,  -1.00,  0.00,  0.00,  -1.00]
variableNames=[x, y, z]
variableShapes=[4, 3]
[4, 3]
[4, 3]}