DefaultPreProDataSet{
dataSetEntries=
[DataSetEntry{variableName='result', variableShape=[4, 3], startColumn=0, length=3}],
dataSet=
[[0.00,  0.00,  0.00],  
 [0.00,  0.00,  0.00],  
 [0.00,  0.00,  0.00],  
 [0.00,  0.00,  0.00]]

constants={}

calculated_variables=
result=[[0.00,  0.00,  0.00],  
 [0.00,  0.00,  0.00],  
 [0.00,  0.00,  0.00],  
 [0.00,  0.00,  0.00]]
}